Archive member included to satisfy reference by file (symbol)

c:/eclipse/plugins/fr.ac6.mcu.externaltools.arm-none.win32_1.13.1.201701200843/tools/compiler/bin/../lib/gcc/arm-none-eabi/5.4.1/armv7-m\libgcc.a(_arm_addsubdf3.o)
                              Src\main.o (__aeabi_dsub)
c:/eclipse/plugins/fr.ac6.mcu.externaltools.arm-none.win32_1.13.1.201701200843/tools/compiler/bin/../lib/gcc/arm-none-eabi/5.4.1/armv7-m\libgcc.a(_arm_muldivdf3.o)
                              Src\main.o (__aeabi_dmul)
c:/eclipse/plugins/fr.ac6.mcu.externaltools.arm-none.win32_1.13.1.201701200843/tools/compiler/bin/../lib/gcc/arm-none-eabi/5.4.1/armv7-m\libgcc.a(_arm_cmpdf2.o)
                              Src\main.o (__aeabi_dcmplt)
c:/eclipse/plugins/fr.ac6.mcu.externaltools.arm-none.win32_1.13.1.201701200843/tools/compiler/bin/../lib/gcc/arm-none-eabi/5.4.1/armv7-m\libgcc.a(_arm_truncdfsf2.o)
                              Src\main.o (__aeabi_d2f)
c:/eclipse/plugins/fr.ac6.mcu.externaltools.arm-none.win32_1.13.1.201701200843/tools/compiler/bin/../lib/gcc/arm-none-eabi/5.4.1/armv7-m\libgcc.a(_arm_cmpsf2.o)
                              Src\main.o (__aeabi_fcmplt)
c:/eclipse/plugins/fr.ac6.mcu.externaltools.arm-none.win32_1.13.1.201701200843/tools/compiler/bin/../lib/gcc/arm-none-eabi/5.4.1/../../../../arm-none-eabi/lib/armv7-m\libc_nano.a(lib_a-exit.o)
                              c:/eclipse/plugins/fr.ac6.mcu.externaltools.arm-none.win32_1.13.1.201701200843/tools/compiler/bin/../lib/gcc/arm-none-eabi/5.4.1/../../../../arm-none-eabi/lib/armv7-m/crt0.o (exit)
c:/eclipse/plugins/fr.ac6.mcu.externaltools.arm-none.win32_1.13.1.201701200843/tools/compiler/bin/../lib/gcc/arm-none-eabi/5.4.1/../../../../arm-none-eabi/lib/armv7-m\libc_nano.a(lib_a-impure.o)
                              c:/eclipse/plugins/fr.ac6.mcu.externaltools.arm-none.win32_1.13.1.201701200843/tools/compiler/bin/../lib/gcc/arm-none-eabi/5.4.1/../../../../arm-none-eabi/lib/armv7-m\libc_nano.a(lib_a-exit.o) (_global_impure_ptr)
c:/eclipse/plugins/fr.ac6.mcu.externaltools.arm-none.win32_1.13.1.201701200843/tools/compiler/bin/../lib/gcc/arm-none-eabi/5.4.1/../../../../arm-none-eabi/lib/armv7-m\libc_nano.a(lib_a-init.o)
                              c:/eclipse/plugins/fr.ac6.mcu.externaltools.arm-none.win32_1.13.1.201701200843/tools/compiler/bin/../lib/gcc/arm-none-eabi/5.4.1/../../../../arm-none-eabi/lib/armv7-m/crt0.o (__libc_init_array)
c:/eclipse/plugins/fr.ac6.mcu.externaltools.arm-none.win32_1.13.1.201701200843/tools/compiler/bin/../lib/gcc/arm-none-eabi/5.4.1/../../../../arm-none-eabi/lib/armv7-m\libc_nano.a(lib_a-memcpy-stub.o)
                              Src\main.o (memcpy)
c:/eclipse/plugins/fr.ac6.mcu.externaltools.arm-none.win32_1.13.1.201701200843/tools/compiler/bin/../lib/gcc/arm-none-eabi/5.4.1/../../../../arm-none-eabi/lib/armv7-m\libc_nano.a(lib_a-memset.o)
                              c:/eclipse/plugins/fr.ac6.mcu.externaltools.arm-none.win32_1.13.1.201701200843/tools/compiler/bin/../lib/gcc/arm-none-eabi/5.4.1/../../../../arm-none-eabi/lib/armv7-m/crt0.o (memset)
c:/eclipse/plugins/fr.ac6.mcu.externaltools.arm-none.win32_1.13.1.201701200843/tools/compiler/bin/../lib/gcc/arm-none-eabi/5.4.1/../../../../arm-none-eabi/lib/armv7-m\libc_nano.a(lib_a-rand.o)
                              Src\main.o (srand)
c:/eclipse/plugins/fr.ac6.mcu.externaltools.arm-none.win32_1.13.1.201701200843/tools/compiler/bin/../lib/gcc/arm-none-eabi/5.4.1/../../../../arm-none-eabi/lib/armv7-m\libc_nano.a(lib_a-time.o)
                              Src\main.o (time)
c:/eclipse/plugins/fr.ac6.mcu.externaltools.arm-none.win32_1.13.1.201701200843/tools/compiler/bin/../lib/gcc/arm-none-eabi/5.4.1/../../../../arm-none-eabi/lib/armv7-m\libc_nano.a(lib_a-gettimeofdayr.o)
                              c:/eclipse/plugins/fr.ac6.mcu.externaltools.arm-none.win32_1.13.1.201701200843/tools/compiler/bin/../lib/gcc/arm-none-eabi/5.4.1/../../../../arm-none-eabi/lib/armv7-m\libc_nano.a(lib_a-time.o) (_gettimeofday_r)
c:/eclipse/plugins/fr.ac6.mcu.externaltools.arm-none.win32_1.13.1.201701200843/tools/compiler/bin/../lib/gcc/arm-none-eabi/5.4.1/../../../../arm-none-eabi/lib/armv7-m\libc_nano.a(lib_a-malloc.o)
                              c:/eclipse/plugins/fr.ac6.mcu.externaltools.arm-none.win32_1.13.1.201701200843/tools/compiler/bin/../lib/gcc/arm-none-eabi/5.4.1/../../../../arm-none-eabi/lib/armv7-m\libc_nano.a(lib_a-rand.o) (malloc)
c:/eclipse/plugins/fr.ac6.mcu.externaltools.arm-none.win32_1.13.1.201701200843/tools/compiler/bin/../lib/gcc/arm-none-eabi/5.4.1/../../../../arm-none-eabi/lib/armv7-m\libc_nano.a(lib_a-nano-freer.o)
                              c:/eclipse/plugins/fr.ac6.mcu.externaltools.arm-none.win32_1.13.1.201701200843/tools/compiler/bin/../lib/gcc/arm-none-eabi/5.4.1/../../../../arm-none-eabi/lib/armv7-m\libc_nano.a(lib_a-malloc.o) (_free_r)
[...]
Memory Configuration

Name             Origin             Length             Attributes
RAM              0x20000000         0x00010000         xrw
FLASH            0x08000000         0x00080000         xr
*default*        0x00000000         0xffffffff

Linker script and memory map

LOAD c:/eclipse/plugins/fr.ac6.mcu.externaltools.arm-none.win32_1.13.1.201701200843/tools/compiler/bin/../lib/gcc/arm-none-eabi/5.4.1/armv7-m/crti.o
LOAD c:/eclipse/plugins/fr.ac6.mcu.externaltools.arm-none.win32_1.13.1.201701200843/tools/compiler/bin/../lib/gcc/arm-none-eabi/5.4.1/armv7-m/crtbegin.o
LOAD c:/eclipse/plugins/fr.ac6.mcu.externaltools.arm-none.win32_1.13.1.201701200843/tools/compiler/bin/../lib/gcc/arm-none-eabi/5.4.1/../../../../arm-none-eabi/lib/armv7-m/crt0.o
LOAD c:/eclipse/plugins/fr.ac6.mcu.externaltools.arm-none.win32_1.13.1.201701200843/tools/compiler/bin/../lib/gcc/arm-none-eabi/5.4.1/../../../../arm-none-eabi/lib/armv7-m\libm.a
LOAD Drivers\STM32F1xx_HAL_Driver\Src\stm32f1xx_hal.o
LOAD Drivers\STM32F1xx_HAL_Driver\Src\stm32f1xx_hal_adc.o
LOAD Drivers\STM32F1xx_HAL_Driver\Src\stm32f1xx_hal_adc_ex.o
LOAD Drivers\STM32F1xx_HAL_Driver\Src\stm32f1xx_hal_cortex.o
LOAD Drivers\STM32F1xx_HAL_Driver\Src\stm32f1xx_hal_dac.o
LOAD Drivers\STM32F1xx_HAL_Driver\Src\stm32f1xx_hal_dac_ex.o
LOAD Drivers\STM32F1xx_HAL_Driver\Src\stm32f1xx_hal_dma.o
LOAD Drivers\STM32F1xx_HAL_Driver\Src\stm32f1xx_hal_flash.o
LOAD Drivers\STM32F1xx_HAL_Driver\Src\stm32f1xx_hal_flash_ex.o
LOAD Drivers\STM32F1xx_HAL_Driver\Src\stm32f1xx_hal_gpio.o
LOAD Drivers\STM32F1xx_HAL_Driver\Src\stm32f1xx_hal_gpio_ex.o
LOAD Drivers\STM32F1xx_HAL_Driver\Src\stm32f1xx_hal_pwr.o
LOAD Drivers\STM32F1xx_HAL_Driver\Src\stm32f1xx_hal_rcc.o
LOAD Drivers\STM32F1xx_HAL_Driver\Src\stm32f1xx_hal_rcc_ex.o
LOAD Drivers\STM32F1xx_HAL_Driver\Src\stm32f1xx_hal_tim.o
LOAD Drivers\STM32F1xx_HAL_Driver\Src\stm32f1xx_hal_tim_ex.o
LOAD Src\adc.o
LOAD Src\dac.o
LOAD Src\gpio.o
LOAD Src\main.o
LOAD Src\stm32f1xx_hal_msp.o
LOAD Src\stm32f1xx_it.o
LOAD Src\system_stm32f1xx.o
LOAD startup\startup_stm32f103xe.o
START GROUP
LOAD c:/eclipse/plugins/fr.ac6.mcu.externaltools.arm-none.win32_1.13.1.201701200843/tools/compiler/bin/../lib/gcc/arm-none-eabi/5.4.1/armv7-m\libgcc.a
LOAD c:/eclipse/plugins/fr.ac6.mcu.externaltools.arm-none.win32_1.13.1.201701200843/tools/compiler/bin/../lib/gcc/arm-none-eabi/5.4.1/../../../../arm-none-eabi/lib/armv7-m\libc_nano.a
END GROUP
START GROUP
LOAD c:/eclipse/plugins/fr.ac6.mcu.externaltools.arm-none.win32_1.13.1.201701200843/tools/compiler/bin/../lib/gcc/arm-none-eabi/5.4.1/armv7-m\libgcc.a
LOAD c:/eclipse/plugins/fr.ac6.mcu.externaltools.arm-none.win32_1.13.1.201701200843/tools/compiler/bin/../lib/gcc/arm-none-eabi/5.4.1/../../../../arm-none-eabi/lib/armv7-m\libc_nano.a
LOAD c:/eclipse/plugins/fr.ac6.mcu.externaltools.arm-none.win32_1.13.1.201701200843/tools/compiler/bin/../lib/gcc/arm-none-eabi/5.4.1/../../../../arm-none-eabi/lib/armv7-m\libnosys.a
END GROUP
START GROUP
LOAD c:/eclipse/plugins/fr.ac6.mcu.externaltools.arm-none.win32_1.13.1.201701200843/tools/compiler/bin/../lib/gcc/arm-none-eabi/5.4.1/armv7-m\libgcc.a
LOAD c:/eclipse/plugins/fr.ac6.mcu.externaltools.arm-none.win32_1.13.1.201701200843/tools/compiler/bin/../lib/gcc/arm-none-eabi/5.4.1/../../../../arm-none-eabi/lib/armv7-m\libc_nano.a
LOAD c:/eclipse/plugins/fr.ac6.mcu.externaltools.arm-none.win32_1.13.1.201701200843/tools/compiler/bin/../lib/gcc/arm-none-eabi/5.4.1/../../../../arm-none-eabi/lib/armv7-m\libnosys.a
END GROUP
LOAD c:/eclipse/plugins/fr.ac6.mcu.externaltools.arm-none.win32_1.13.1.201701200843/tools/compiler/bin/../lib/gcc/arm-none-eabi/5.4.1/armv7-m/crtend.o
LOAD c:/eclipse/plugins/fr.ac6.mcu.externaltools.arm-none.win32_1.13.1.201701200843/tools/compiler/bin/../lib/gcc/arm-none-eabi/5.4.1/armv7-m/crtn.o
                0x20010000                _estack = 0x20010000
                0x00000200                _Min_Heap_Size = 0x200
                0x00000400                _Min_Stack_Size = 0x400

.isr_vector     0x08000000      0x1e4
                0x08000000                . = ALIGN (0x4)
 *(.isr_vector)
 .isr_vector    0x08000000      0x1e4 startup\startup_stm32f103xe.o
                0x08000000                g_pfnVectors
                0x080001e4                . = ALIGN (0x4)

.text           0x080001e8     0x2930
                0x080001e8                . = ALIGN (0x4)
 *(.text)
 .text          0x080001e8       0x5c c:/eclipse/plugins/fr.ac6.mcu.externaltools.arm-none.win32_1.13.1.201701200843/tools/compiler/bin/../lib/gcc/arm-none-eabi/5.4.1/armv7-m/crtbegin.o
 .text          0x08000244      0x370 c:/eclipse/plugins/fr.ac6.mcu.externaltools.arm-none.win32_1.13.1.201701200843/tools/compiler/bin/../lib/gcc/arm-none-eabi/5.4.1/armv7-m\libgcc.a(_arm_addsubdf3.o)
                0x08000244                __aeabi_drsub
                0x0800024c                __aeabi_dsub
                0x0800024c                __subdf3
                0x08000250                __aeabi_dadd
                0x08000250                __adddf3
                0x080004c8                __floatunsidf
                0x080004c8                __aeabi_ui2d
                0x080004e8                __floatsidf
                0x080004e8                __aeabi_i2d
                0x0800050c                __aeabi_f2d
                0x0800050c                __extendsfdf2
                0x08000548                __floatundidf
                0x08000548                __aeabi_ul2d
                0x08000558                __floatdidf
                0x08000558                __aeabi_l2d
 .text          0x080005b4      0x424 c:/eclipse/plugins/fr.ac6.mcu.externaltools.arm-none.win32_1.13.1.201701200843/tools/compiler/bin/../lib/gcc/arm-none-eabi/5.4.1/armv7-m\libgcc.a(_arm_muldivdf3.o)
                0x080005b4                __aeabi_dmul
                0x080005b4                __muldf3
                0x08000808                __divdf3
                0x08000808                __aeabi_ddiv
 .text          0x080009d8      0x110 c:/eclipse/plugins/fr.ac6.mcu.externaltools.arm-none.win32_1.13.1.201701200843/tools/compiler/bin/../lib/gcc/arm-none-eabi/5.4.1/armv7-m\libgcc.a(_arm_cmpdf2.o)
                0x080009d8                __gtdf2
                0x080009d8                __gedf2
                0x080009e0                __ltdf2
                0x080009e0                __ledf2
                0x080009e8                __nedf2
                0x080009e8                __eqdf2
                0x080009e8                __cmpdf2
                0x08000a64                __aeabi_cdrcmple
                0x08000a74                __aeabi_cdcmpeq
                0x08000a74                __aeabi_cdcmple
                0x08000a84                __aeabi_dcmpeq
                0x08000a98                __aeabi_dcmplt
                0x08000aac                __aeabi_dcmple
                0x08000ac0                __aeabi_dcmpge
                0x08000ad4                __aeabi_dcmpgt
 .text          0x08000ae8       0xa0 c:/eclipse/plugins/fr.ac6.mcu.externaltools.arm-none.win32_1.13.1.201701200843/tools/compiler/bin/../lib/gcc/arm-none-eabi/5.4.1/armv7-m\libgcc.a(_arm_truncdfsf2.o)
                0x08000ae8                __truncdfsf2
                0x08000ae8                __aeabi_d2f
 .text          0x08000b88       0xec c:/eclipse/plugins/fr.ac6.mcu.externaltools.arm-none.win32_1.13.1.201701200843/tools/compiler/bin/../lib/gcc/arm-none-eabi/5.4.1/armv7-m\libgcc.a(_arm_cmpsf2.o)
                0x08000b88                __gesf2
                0x08000b88                __gtsf2
                0x08000b90                __lesf2
                0x08000b90                __ltsf2
                0x08000b98                __nesf2
                0x08000b98                __eqsf2
                0x08000b98                __cmpsf2
                0x08000bf8                __aeabi_cfrcmple
                0x08000c00                __aeabi_cfcmpeq
                0x08000c00                __aeabi_cfcmple
                0x08000c10                __aeabi_fcmpeq
                0x08000c24                __aeabi_fcmplt
                0x08000c38                __aeabi_fcmple
                0x08000c4c                __aeabi_fcmpge
                0x08000c60                __aeabi_fcmpgt
 *(.text*)
 .text.HAL_InitTick
                0x08000c74       0x44 Drivers\STM32F1xx_HAL_Driver\Src\stm32f1xx_hal.o
                0x08000c74                HAL_InitTick
 .text.HAL_Init
                0x08000cb8       0x24 Drivers\STM32F1xx_HAL_Driver\Src\stm32f1xx_hal.o
                0x08000cb8                HAL_Init
 .text.HAL_IncTick
                0x08000cdc       0x18 Drivers\STM32F1xx_HAL_Driver\Src\stm32f1xx_hal.o
                0x08000cdc                HAL_IncTick
 .text.HAL_GetTick
                0x08000cf4        0xc Drivers\STM32F1xx_HAL_Driver\Src\stm32f1xx_hal.o
                0x08000cf4                HAL_GetTick
 .text.HAL_ADC_GetValue
                0x08000d00        0x8 Drivers\STM32F1xx_HAL_Driver\Src\stm32f1xx_hal_adc.o
                0x08000d00                HAL_ADC_GetValue
 .text.HAL_ADC_ConfigChannel
                0x08000d08      0x128 Drivers\STM32F1xx_HAL_Driver\Src\stm32f1xx_hal_adc.o
                0x08000d08                HAL_ADC_ConfigChannel
 .text.ADC_Enable
                0x08000e30       0x7c Drivers\STM32F1xx_HAL_Driver\Src\stm32f1xx_hal_adc.o
                0x08000e30                ADC_Enable
 .text.HAL_ADC_Start
                0x08000eac       0xd0 Drivers\STM32F1xx_HAL_Driver\Src\stm32f1xx_hal_adc.o
                0x08000eac                HAL_ADC_Start
 .text.ADC_ConversionStop_Disable
                0x08000f7c       0x44 Drivers\STM32F1xx_HAL_Driver\Src\stm32f1xx_hal_adc.o
                0x08000f7c                ADC_ConversionStop_Disable
 .text.HAL_ADC_Init
                0x08000fc0      0x164 Drivers\STM32F1xx_HAL_Driver\Src\stm32f1xx_hal_adc.o
                0x08000fc0                HAL_ADC_Init
 .text.HAL_NVIC_SetPriorityGrouping
                0x08001124       0x24 Drivers\STM32F1xx_HAL_Driver\Src\stm32f1xx_hal_cortex.o
                0x08001124                HAL_NVIC_SetPriorityGrouping
 .text.HAL_NVIC_SetPriority
                0x08001148       0x70 Drivers\STM32F1xx_HAL_Driver\Src\stm32f1xx_hal_cortex.o
                0x08001148                HAL_NVIC_SetPriority
 .text.HAL_SYSTICK_Config
                0x080011b8       0x30 Drivers\STM32F1xx_HAL_Driver\Src\stm32f1xx_hal_cortex.o
                0x080011b8                HAL_SYSTICK_Config
 .text.HAL_SYSTICK_CLKSourceConfig
                0x080011e8       0x18 Drivers\STM32F1xx_HAL_Driver\Src\stm32f1xx_hal_cortex.o
                0x080011e8                HAL_SYSTICK_CLKSourceConfig
 .text.HAL_SYSTICK_Callback
                0x08001200        0x4 Drivers\STM32F1xx_HAL_Driver\Src\stm32f1xx_hal_cortex.o
                0x08001200                HAL_SYSTICK_Callback
 .text.HAL_SYSTICK_IRQHandler
                0x08001204        0x8 Drivers\STM32F1xx_HAL_Driver\Src\stm32f1xx_hal_cortex.o
                0x08001204                HAL_SYSTICK_IRQHandler
 .text.HAL_DAC_Init
                0x0800120c       0x2c Drivers\STM32F1xx_HAL_Driver\Src\stm32f1xx_hal_dac.o
                0x0800120c                HAL_DAC_Init
 .text.HAL_DAC_Start
                0x08001238       0x58 Drivers\STM32F1xx_HAL_Driver\Src\stm32f1xx_hal_dac.o
                0x08001238                HAL_DAC_Start
 .text.HAL_DAC_ConfigChannel
                0x08001290       0x4c Drivers\STM32F1xx_HAL_Driver\Src\stm32f1xx_hal_dac.o
                0x08001290                HAL_DAC_ConfigChannel
 .text.HAL_DAC_SetValue
                0x080012dc       0x2c Drivers\STM32F1xx_HAL_Driver\Src\stm32f1xx_hal_dac.o
                0x080012dc                HAL_DAC_SetValue
 .text.HAL_GPIO_Init
                0x08001308      0x20c Drivers\STM32F1xx_HAL_Driver\Src\stm32f1xx_hal_gpio.o
                0x08001308                HAL_GPIO_Init
 .text.HAL_RCC_OscConfig
                0x08001514      0x3dc Drivers\STM32F1xx_HAL_Driver\Src\stm32f1xx_hal_rcc.o
                0x08001514                HAL_RCC_OscConfig
 .text.HAL_RCC_GetSysClockFreq
                0x080018f0       0x78 Drivers\STM32F1xx_HAL_Driver\Src\stm32f1xx_hal_rcc.o
                0x080018f0                HAL_RCC_GetSysClockFreq
 .text.HAL_RCC_ClockConfig
                0x08001968      0x148 Drivers\STM32F1xx_HAL_Driver\Src\stm32f1xx_hal_rcc.o
                0x08001968                HAL_RCC_ClockConfig
 .text.HAL_RCC_GetHCLKFreq
                0x08001ab0        0xc Drivers\STM32F1xx_HAL_Driver\Src\stm32f1xx_hal_rcc.o
                0x08001ab0                HAL_RCC_GetHCLKFreq
 .text.HAL_RCCEx_PeriphCLKConfig
                0x08001abc      0x108 Drivers\STM32F1xx_HAL_Driver\Src\stm32f1xx_hal_rcc_ex.o
                0x08001abc                HAL_RCCEx_PeriphCLKConfig
 .text.MX_ADC1_Init
                0x08001bc4       0x5c Src\adc.o
                0x08001bc4                MX_ADC1_Init
 .text.MX_ADC2_Init
                0x08001c20       0x5c Src\adc.o
                0x08001c20                MX_ADC2_Init
 .text.HAL_ADC_MspInit
                0x08001c7c       0x74 Src\adc.o
                0x08001c7c                HAL_ADC_MspInit
 .text.MX_DAC_Init
                0x08001cf0       0x60 Src\dac.o
                0x08001cf0                MX_DAC_Init
 .text.HAL_DAC_MspInit
                0x08001d50       0x40 Src\dac.o
                0x08001d50                HAL_DAC_MspInit
 .text.MX_GPIO_Init
                0x08001d90       0x30 Src\gpio.o
                0x08001d90                MX_GPIO_Init
 .text.table    0x08001dc0      0x120 Src\main.o
                0x08001dc0                table
 .text.showSnake
                0x08001ee0       0xbc Src\main.o
                0x08001ee0                showSnake
 .text.die      0x08001f9c       0x44 Src\main.o
                0x08001f9c                die
 .text.Apple    0x08001fe0       0xc0 Src\main.o
                0x08001fe0                Apple
 .text.eatApple
                0x080020a0       0x94 Src\main.o
                0x080020a0                eatApple
 .text.readADC  0x08002134       0x5c Src\main.o
                0x08002134                readADC
 .text.SystemClock_Config
                0x08002190       0x88 Src\main.o
                0x08002190                SystemClock_Config
 .text.startup.main
                0x08002218      0x4e8 Src\main.o
                0x08002218                main
 .text._Error_Handler
                0x08002700        0x4 Src\main.o
                0x08002700                _Error_Handler
 .text.HAL_MspInit
                0x08002704       0xa0 Src\stm32f1xx_hal_msp.o
                0x08002704                HAL_MspInit
 .text.NMI_Handler
                0x080027a4        0x4 Src\stm32f1xx_it.o
                0x080027a4                NMI_Handler
 .text.HardFault_Handler
                0x080027a8        0x4 Src\stm32f1xx_it.o
                0x080027a8                HardFault_Handler
 .text.MemManage_Handler
                0x080027ac        0x4 Src\stm32f1xx_it.o
                0x080027ac                MemManage_Handler
 .text.BusFault_Handler
                0x080027b0        0x4 Src\stm32f1xx_it.o
                0x080027b0                BusFault_Handler
 .text.UsageFault_Handler
                0x080027b4        0x4 Src\stm32f1xx_it.o
                0x080027b4                UsageFault_Handler
 .text.SVC_Handler
                0x080027b8        0x4 Src\stm32f1xx_it.o
                0x080027b8                SVC_Handler
 .text.DebugMon_Handler
                0x080027bc        0x4 Src\stm32f1xx_it.o
                0x080027bc                DebugMon_Handler
 .text.PendSV_Handler
                0x080027c0        0x4 Src\stm32f1xx_it.o
                0x080027c0                PendSV_Handler
 .text.SysTick_Handler
                0x080027c4       0x10 Src\stm32f1xx_it.o
                0x080027c4                SysTick_Handler
 .text.SystemInit
                0x080027d4       0x50 Src\system_stm32f1xx.o
                0x080027d4                SystemInit
 .text.Reset_Handler
                0x08002824       0x48 startup\startup_stm32f103xe.o
                0x08002824                Reset_Handler
 .text.Default_Handler
                0x0800286c        0x2 startup\startup_stm32f103xe.o
                0x0800286c                RTC_Alarm_IRQHandler
                0x0800286c                EXTI2_IRQHandler
                0x0800286c                TIM8_TRG_COM_IRQHandler
                0x0800286c                TIM8_CC_IRQHandler
                0x0800286c                TIM1_CC_IRQHandler
                0x0800286c                TIM6_IRQHandler
                0x0800286c                PVD_IRQHandler
                0x0800286c                SDIO_IRQHandler
                0x0800286c                EXTI3_IRQHandler
                0x0800286c                EXTI0_IRQHandler
                0x0800286c                I2C2_EV_IRQHandler
                0x0800286c                ADC1_2_IRQHandler
                0x0800286c                SPI1_IRQHandler
                0x0800286c                TAMPER_IRQHandler
                0x0800286c                TIM8_UP_IRQHandler
                0x0800286c                DMA2_Channel2_IRQHandler
                0x0800286c                DMA1_Channel4_IRQHandler
                0x0800286c                USART3_IRQHandler
                0x0800286c                RTC_IRQHandler
                0x0800286c                DMA1_Channel7_IRQHandler
                0x0800286c                CAN1_RX1_IRQHandler
                0x0800286c                UART5_IRQHandler
                0x0800286c                ADC3_IRQHandler
                0x0800286c                TIM4_IRQHandler
                0x0800286c                DMA2_Channel1_IRQHandler
                0x0800286c                I2C1_EV_IRQHandler
                0x0800286c                DMA1_Channel6_IRQHandler
                0x0800286c                UART4_IRQHandler
                0x0800286c                TIM3_IRQHandler
                0x0800286c                RCC_IRQHandler
                0x0800286c                TIM1_TRG_COM_IRQHandler
                0x0800286c                DMA1_Channel1_IRQHandler
                0x0800286c                Default_Handler
                0x0800286c                EXTI15_10_IRQHandler
                0x0800286c                TIM7_IRQHandler
                0x0800286c                TIM5_IRQHandler
                0x0800286c                EXTI9_5_IRQHandler
                0x0800286c                SPI2_IRQHandler
                0x0800286c                DMA1_Channel5_IRQHandler
                0x0800286c                EXTI4_IRQHandler
                0x0800286c                USB_LP_CAN1_RX0_IRQHandler
                0x0800286c                USB_HP_CAN1_TX_IRQHandler
                0x0800286c                DMA1_Channel3_IRQHandler
                0x0800286c                FSMC_IRQHandler
                0x0800286c                TIM1_UP_IRQHandler
                0x0800286c                WWDG_IRQHandler
                0x0800286c                TIM2_IRQHandler
                0x0800286c                TIM1_BRK_IRQHandler
                0x0800286c                EXTI1_IRQHandler
                0x0800286c                DMA2_Channel4_5_IRQHandler
                0x0800286c                USART2_IRQHandler
                0x0800286c                I2C2_ER_IRQHandler
                0x0800286c                DMA1_Channel2_IRQHandler
                0x0800286c                TIM8_BRK_IRQHandler
                0x0800286c                CAN1_SCE_IRQHandler
                0x0800286c                FLASH_IRQHandler
                0x0800286c                USART1_IRQHandler
                0x0800286c                SPI3_IRQHandler
                0x0800286c                I2C1_ER_IRQHandler
                0x0800286c                USBWakeUp_IRQHandler
                0x0800286c                DMA2_Channel3_IRQHandler
 *fill*         0x0800286e        0x2 
 .text.__libc_init_array
                0x08002870       0x4c c:/eclipse/plugins/fr.ac6.mcu.externaltools.arm-none.win32_1.13.1.201701200843/tools/compiler/bin/../lib/gcc/arm-none-eabi/5.4.1/../../../../arm-none-eabi/lib/armv7-m\libc_nano.a(lib_a-init.o)
                0x08002870                __libc_init_array
 .text.memcpy   0x080028bc       0x16 c:/eclipse/plugins/fr.ac6.mcu.externaltools.arm-none.win32_1.13.1.201701200843/tools/compiler/bin/../lib/gcc/arm-none-eabi/5.4.1/../../../../arm-none-eabi/lib/armv7-m\libc_nano.a(lib_a-memcpy-stub.o)
                0x080028bc                memcpy
 *fill*         0x080028d2        0x2 
 .text.srand    0x080028d4       0x50 c:/eclipse/plugins/fr.ac6.mcu.externaltools.arm-none.win32_1.13.1.201701200843/tools/compiler/bin/../lib/gcc/arm-none-eabi/5.4.1/../../../../arm-none-eabi/lib/armv7-m\libc_nano.a(lib_a-rand.o)
                0x080028d4                srand
 .text.rand     0x08002924       0x74 c:/eclipse/plugins/fr.ac6.mcu.externaltools.arm-none.win32_1.13.1.201701200843/tools/compiler/bin/../lib/gcc/arm-none-eabi/5.4.1/../../../../arm-none-eabi/lib/armv7-m\libc_nano.a(lib_a-rand.o)
                0x08002924                rand
 .text.time     0x08002998       0x28 c:/eclipse/plugins/fr.ac6.mcu.externaltools.arm-none.win32_1.13.1.201701200843/tools/compiler/bin/../lib/gcc/arm-none-eabi/5.4.1/../../../../arm-none-eabi/lib/armv7-m\libc_nano.a(lib_a-time.o)
                0x08002998                time
 .text._gettimeofday_r
                0x080029c0       0x24 c:/eclipse/plugins/fr.ac6.mcu.externaltools.arm-none.win32_1.13.1.201701200843/tools/compiler/bin/../lib/gcc/arm-none-eabi/5.4.1/../../../../arm-none-eabi/lib/armv7-m\libc_nano.a(lib_a-gettimeofdayr.o)
                0x080029c0                _gettimeofday_r
 .text.malloc   0x080029e4       0x10 c:/eclipse/plugins/fr.ac6.mcu.externaltools.arm-none.win32_1.13.1.201701200843/tools/compiler/bin/../lib/gcc/arm-none-eabi/5.4.1/../../../../arm-none-eabi/lib/armv7-m\libc_nano.a(lib_a-malloc.o)
                0x080029e4                malloc
 .text._malloc_r
                0x080029f4       0xbc c:/eclipse/plugins/fr.ac6.mcu.externaltools.arm-none.win32_1.13.1.201701200843/tools/compiler/bin/../lib/gcc/arm-none-eabi/5.4.1/../../../../arm-none-eabi/lib/armv7-m\libc_nano.a(lib_a-nano-mallocr.o)
                0x080029f4                _malloc_r
 .text._sbrk_r  0x08002ab0       0x20 c:/eclipse/plugins/fr.ac6.mcu.externaltools.arm-none.win32_1.13.1.201701200843/tools/compiler/bin/../lib/gcc/arm-none-eabi/5.4.1/../../../../arm-none-eabi/lib/armv7-m\libc_nano.a(lib_a-sbrkr.o)
                0x08002ab0                _sbrk_r
 .text.__malloc_lock
                0x08002ad0        0x2 c:/eclipse/plugins/fr.ac6.mcu.externaltools.arm-none.win32_1.13.1.201701200843/tools/compiler/bin/../lib/gcc/arm-none-eabi/5.4.1/../../../../arm-none-eabi/lib/armv7-m\libc_nano.a(lib_a-mlock.o)
                0x08002ad0                __malloc_lock
 .text.__malloc_unlock
                0x08002ad2        0x2 c:/eclipse/plugins/fr.ac6.mcu.externaltools.arm-none.win32_1.13.1.201701200843/tools/compiler/bin/../lib/gcc/arm-none-eabi/5.4.1/../../../../arm-none-eabi/lib/armv7-m\libc_nano.a(lib_a-mlock.o)
                0x08002ad2                __malloc_unlock
 .text._gettimeofday
                0x08002ad4       0x10 c:/eclipse/plugins/fr.ac6.mcu.externaltools.arm-none.win32_1.13.1.201701200843/tools/compiler/bin/../lib/gcc/arm-none-eabi/5.4.1/../../../../arm-none-eabi/lib/armv7-m\libnosys.a(gettod.o)
                0x08002ad4                _gettimeofday
 .text._sbrk    0x08002ae4       0x1c c:/eclipse/plugins/fr.ac6.mcu.externaltools.arm-none.win32_1.13.1.201701200843/tools/compiler/bin/../lib/gcc/arm-none-eabi/5.4.1/../../../../arm-none-eabi/lib/armv7-m\libnosys.a(sbrk.o)
                0x08002ae4                _sbrk
 *(.glue_7)
 .glue_7        0x08002b00        0x0 linker stubs
 *(.glue_7t)
 .glue_7t       0x08002b00        0x0 linker stubs
 *(.eh_frame)
 .eh_frame      0x08002b00        0x0 c:/eclipse/plugins/fr.ac6.mcu.externaltools.arm-none.win32_1.13.1.201701200843/tools/compiler/bin/../lib/gcc/arm-none-eabi/5.4.1/armv7-m/crtbegin.o
 *(.init)
 .init          0x08002b00        0x4 c:/eclipse/plugins/fr.ac6.mcu.externaltools.arm-none.win32_1.13.1.201701200843/tools/compiler/bin/../lib/gcc/arm-none-eabi/5.4.1/armv7-m/crti.o
                0x08002b00                _init
 .init          0x08002b04        0x8 c:/eclipse/plugins/fr.ac6.mcu.externaltools.arm-none.win32_1.13.1.201701200843/tools/compiler/bin/../lib/gcc/arm-none-eabi/5.4.1/armv7-m/crtn.o
 *(.fini)
 .fini          0x08002b0c        0x4 c:/eclipse/plugins/fr.ac6.mcu.externaltools.arm-none.win32_1.13.1.201701200843/tools/compiler/bin/../lib/gcc/arm-none-eabi/5.4.1/armv7-m/crti.o
                0x08002b0c                _fini
 .fini          0x08002b10        0x8 c:/eclipse/plugins/fr.ac6.mcu.externaltools.arm-none.win32_1.13.1.201701200843/tools/compiler/bin/../lib/gcc/arm-none-eabi/5.4.1/armv7-m/crtn.o
                0x08002b18                . = ALIGN (0x4)
                0x08002b18                _etext = .

.vfp11_veneer   0x08002b18        0x0
 .vfp11_veneer  0x08002b18        0x0 linker stubs

.v4_bx          0x08002b18        0x0
 .v4_bx         0x08002b18        0x0 linker stubs

.iplt           0x08002b18        0x0
 .iplt          0x08002b18        0x0 c:/eclipse/plugins/fr.ac6.mcu.externaltools.arm-none.win32_1.13.1.201701200843/tools/compiler/bin/../lib/gcc/arm-none-eabi/5.4.1/armv7-m/crtbegin.o

.rodata         0x08002b18       0x4c
                0x08002b18                . = ALIGN (0x4)
 *(.rodata)
 .rodata        0x08002b18       0x12 Drivers\STM32F1xx_HAL_Driver\Src\stm32f1xx_hal_rcc.o
 *fill*         0x08002b2a        0x2 
 .rodata        0x08002b2c       0x18 Src\system_stm32f1xx.o
                0x08002b2c                AHBPrescTable
                0x08002b3c                APBPrescTable
 *(.rodata*)
 .rodata.str1.4
                0x08002b44        0xd Src\adc.o
 *fill*         0x08002b51        0x3 
 .rodata.str1.4
                0x08002b54       0x10 Src\dac.o
                                  0xd (size before relaxing)
                0x08002b64                . = ALIGN (0x4)

.rel.dyn        0x08002b64        0x0
 .rel.iplt      0x08002b64        0x0 c:/eclipse/plugins/fr.ac6.mcu.externaltools.arm-none.win32_1.13.1.201701200843/tools/compiler/bin/../lib/gcc/arm-none-eabi/5.4.1/armv7-m/crtbegin.o

.ARM.extab
 *(.ARM.extab* .gnu.linkonce.armextab.*)

.ARM            0x08002b64        0x0
                0x08002b64                __exidx_start = .
 *(.ARM.exidx*)
                0x08002b64                __exidx_end = .

.preinit_array  0x08002b64        0x0
                0x08002b64                PROVIDE (__preinit_array_start, .)
 *(.preinit_array*)
                0x08002b64                PROVIDE (__preinit_array_end, .)

.init_array     0x08002b64        0x4
                0x08002b64                PROVIDE (__init_array_start, .)
 *(SORT(.init_array.*))
 *(.init_array*)
 .init_array    0x08002b64        0x4 c:/eclipse/plugins/fr.ac6.mcu.externaltools.arm-none.win32_1.13.1.201701200843/tools/compiler/bin/../lib/gcc/arm-none-eabi/5.4.1/armv7-m/crtbegin.o
                0x08002b68                PROVIDE (__init_array_end, .)

.fini_array     0x08002b68        0x4
                [!provide]                PROVIDE (__fini_array_start, .)
 *(SORT(.fini_array.*))
 *(.fini_array*)
 .fini_array    0x08002b68        0x4 c:/eclipse/plugins/fr.ac6.mcu.externaltools.arm-none.win32_1.13.1.201701200843/tools/compiler/bin/../lib/gcc/arm-none-eabi/5.4.1/armv7-m/crtbegin.o
                [!provide]                PROVIDE (__fini_array_end, .)
                0x08002b6c                _sidata = LOADADDR (.data)

.data           0x20000000       0x78 load address 0x08002b6c
                0x20000000                . = ALIGN (0x4)
                0x20000000                _sdata = .
 *(.data)
 .data          0x20000000        0x8 Drivers\STM32F1xx_HAL_Driver\Src\stm32f1xx_hal.o
                0x20000000                uwTickFreq
                0x20000004                uwTickPrio
 .data          0x20000008        0x8 Src\main.o
                0x20000008                last
                0x2000000c                alive
 .data          0x20000010        0x4 Src\system_stm32f1xx.o
                0x20000010                SystemCoreClock
 *(.data*)
 .data.impure_data
                0x20000014       0x60 c:/eclipse/plugins/fr.ac6.mcu.externaltools.arm-none.win32_1.13.1.201701200843/tools/compiler/bin/../lib/gcc/arm-none-eabi/5.4.1/../../../../arm-none-eabi/lib/armv7-m\libc_nano.a(lib_a-impure.o)
 .data._impure_ptr
                0x20000074        0x4 c:/eclipse/plugins/fr.ac6.mcu.externaltools.arm-none.win32_1.13.1.201701200843/tools/compiler/bin/../lib/gcc/arm-none-eabi/5.4.1/../../../../arm-none-eabi/lib/armv7-m\libc_nano.a(lib_a-impure.o)
                0x20000074                _impure_ptr
                0x20000078                . = ALIGN (0x4)
                0x20000078                _edata = .

.jcr            0x20000078        0x0 load address 0x08002be4
 .jcr           0x20000078        0x0 c:/eclipse/plugins/fr.ac6.mcu.externaltools.arm-none.win32_1.13.1.201701200843/tools/compiler/bin/../lib/gcc/arm-none-eabi/5.4.1/armv7-m/crtbegin.o

.igot.plt       0x20000078        0x0 load address 0x08002be4
 .igot.plt      0x20000078        0x0 c:/eclipse/plugins/fr.ac6.mcu.externaltools.arm-none.win32_1.13.1.201701200843/tools/compiler/bin/../lib/gcc/arm-none-eabi/5.4.1/armv7-m/crtbegin.o
                0x20000078                . = ALIGN (0x4)

.bss            0x20000078     0x1138 load address 0x08002be4
                0x20000078                _sbss = .
                0x20000078                __bss_start__ = _sbss
 *(.bss)
 .bss           0x20000078       0x1c c:/eclipse/plugins/fr.ac6.mcu.externaltools.arm-none.win32_1.13.1.201701200843/tools/compiler/bin/../lib/gcc/arm-none-eabi/5.4.1/armv7-m/crtbegin.o
 .bss           0x20000094        0x8 Src\main.o
                0x20000094                valueX
                0x20000098                valueY
 *(.bss*)
 .bss.__malloc_sbrk_start
                0x2000009c        0x4 c:/eclipse/plugins/fr.ac6.mcu.externaltools.arm-none.win32_1.13.1.201701200843/tools/compiler/bin/../lib/gcc/arm-none-eabi/5.4.1/../../../../arm-none-eabi/lib/armv7-m\libc_nano.a(lib_a-nano-mallocr.o)
                0x2000009c                __malloc_sbrk_start
 .bss.__malloc_free_list
                0x200000a0        0x4 c:/eclipse/plugins/fr.ac6.mcu.externaltools.arm-none.win32_1.13.1.201701200843/tools/compiler/bin/../lib/gcc/arm-none-eabi/5.4.1/../../../../arm-none-eabi/lib/armv7-m\libc_nano.a(lib_a-nano-mallocr.o)
                0x200000a0                __malloc_free_list
 .bss.heap_end.4167
                0x200000a4        0x4 c:/eclipse/plugins/fr.ac6.mcu.externaltools.arm-none.win32_1.13.1.201701200843/tools/compiler/bin/../lib/gcc/arm-none-eabi/5.4.1/../../../../arm-none-eabi/lib/armv7-m\libnosys.a(sbrk.o)
 *(COMMON)
 COMMON         0x200000a8        0x4 Drivers\STM32F1xx_HAL_Driver\Src\stm32f1xx_hal.o
                0x200000a8                uwTick
 COMMON         0x200000ac       0x60 Src\adc.o
                0x200000ac                hadc2
                0x200000dc                hadc1
 COMMON         0x2000010c       0x14 Src\dac.o
                0x2000010c                hdac
 COMMON         0x20000120     0x108c Src\main.o
                0x20000120                j
                0x20000124                A
                0x20000128                l
                0x2000012c                k
                0x20000130                s1
                0x2000119c                i
                0x200011a0                check
                0x200011a4                xa
                0x200011a8                ya
 COMMON         0x200011ac        0x4 c:/eclipse/plugins/fr.ac6.mcu.externaltools.arm-none.win32_1.13.1.201701200843/tools/compiler/bin/../lib/gcc/arm-none-eabi/5.4.1/../../../../arm-none-eabi/lib/armv7-m\libc_nano.a(lib_a-reent.o)
                0x200011ac                errno
                0x200011b0                . = ALIGN (0x4)
                0x200011b0                _ebss = .
                0x200011b0                __bss_end__ = _ebss

._user_heap_stack
                0x200011b0      0x600 load address 0x08002be4
                0x200011b0                . = ALIGN (0x8)
                0x200011b0                PROVIDE (end, .)
                [!provide]                PROVIDE (_end, .)
                0x200013b0                . = (. + _Min_Heap_Size)
 *fill*         0x200011b0      0x200 
                0x200017b0                . = (. + _Min_Stack_Size)
 *fill*         0x200013b0      0x400 
                0x200017b0                . = ALIGN (0x8)

/DISCARD/
 libc.a(*)
 libm.a(*)
 libgcc.a(*)

.ARM.attributes
                0x00000000       0x29
 *(.ARM.attributes)
 .ARM.attributes
                0x00000000       0x1d c:/eclipse/plugins/fr.ac6.mcu.externaltools.arm-none.win32_1.13.1.201701200843/tools/compiler/bin/../lib/gcc/arm-none-eabi/5.4.1/armv7-m/crti.o
 .ARM.attributes
                0x0000001d       0x2d c:/eclipse/plugins/fr.ac6.mcu.externaltools.arm-none.win32_1.13.1.201701200843/tools/compiler/bin/../lib/gcc/arm-none-eabi/5.4.1/armv7-m/crtbegin.o
 .ARM.attributes
                0x0000004a       0x33 Drivers\STM32F1xx_HAL_Driver\Src\stm32f1xx_hal.o
 .ARM.attributes
                0x0000007d       0x33 Drivers\STM32F1xx_HAL_Driver\Src\stm32f1xx_hal_adc.o
 .ARM.attributes
                0x000000b0       0x33 Drivers\STM32F1xx_HAL_Driver\Src\stm32f1xx_hal_cortex.o
 .ARM.attributes
                0x000000e3       0x33 Drivers\STM32F1xx_HAL_Driver\Src\stm32f1xx_hal_dac.o
 .ARM.attributes
                0x00000116       0x33 Drivers\STM32F1xx_HAL_Driver\Src\stm32f1xx_hal_gpio.o
 .ARM.attributes
                0x00000149       0x33 Drivers\STM32F1xx_HAL_Driver\Src\stm32f1xx_hal_rcc.o
 .ARM.attributes
                0x0000017c       0x33 Drivers\STM32F1xx_HAL_Driver\Src\stm32f1xx_hal_rcc_ex.o
 .ARM.attributes
                0x000001af       0x33 Src\adc.o
 .ARM.attributes
                0x000001e2       0x33 Src\dac.o
 .ARM.attributes
                0x00000215       0x33 Src\gpio.o
 .ARM.attributes
                0x00000248       0x33 Src\main.o
 .ARM.attributes
                0x0000027b       0x33 Src\stm32f1xx_hal_msp.o
 .ARM.attributes
                0x000002ae       0x33 Src\stm32f1xx_it.o
 .ARM.attributes
                0x000002e1       0x33 Src\system_stm32f1xx.o
 .ARM.attributes
                0x00000314       0x21 startup\startup_stm32f103xe.o
 .ARM.attributes
                0x00000335       0x1d c:/eclipse/plugins/fr.ac6.mcu.externaltools.arm-none.win32_1.13.1.201701200843/tools/compiler/bin/../lib/gcc/arm-none-eabi/5.4.1/armv7-m\libgcc.a(_arm_addsubdf3.o)
 .ARM.attributes
                0x00000352       0x1d c:/eclipse/plugins/fr.ac6.mcu.externaltools.arm-none.win32_1.13.1.201701200843/tools/compiler/bin/../lib/gcc/arm-none-eabi/5.4.1/armv7-m\libgcc.a(_arm_muldivdf3.o)
 .ARM.attributes
                0x0000036f       0x1d c:/eclipse/plugins/fr.ac6.mcu.externaltools.arm-none.win32_1.13.1.201701200843/tools/compiler/bin/../lib/gcc/arm-none-eabi/5.4.1/armv7-m\libgcc.a(_arm_cmpdf2.o)
 .ARM.attributes
                0x0000038c       0x1d c:/eclipse/plugins/fr.ac6.mcu.externaltools.arm-none.win32_1.13.1.201701200843/tools/compiler/bin/../lib/gcc/arm-none-eabi/5.4.1/armv7-m\libgcc.a(_arm_truncdfsf2.o)
 .ARM.attributes
                0x000003a9       0x1d c:/eclipse/plugins/fr.ac6.mcu.externaltools.arm-none.win32_1.13.1.201701200843/tools/compiler/bin/../lib/gcc/arm-none-eabi/5.4.1/armv7-m\libgcc.a(_arm_cmpsf2.o)
 .ARM.attributes
                0x000003c6       0x2d c:/eclipse/plugins/fr.ac6.mcu.externaltools.arm-none.win32_1.13.1.201701200843/tools/compiler/bin/../lib/gcc/arm-none-eabi/5.4.1/../../../../arm-none-eabi/lib/armv7-m\libc_nano.a(lib_a-impure.o)
 .ARM.attributes
                0x000003f3       0x2d c:/eclipse/plugins/fr.ac6.mcu.externaltools.arm-none.win32_1.13.1.201701200843/tools/compiler/bin/../lib/gcc/arm-none-eabi/5.4.1/../../../../arm-none-eabi/lib/armv7-m\libc_nano.a(lib_a-init.o)
 .ARM.attributes
                0x00000420       0x2d c:/eclipse/plugins/fr.ac6.mcu.externaltools.arm-none.win32_1.13.1.201701200843/tools/compiler/bin/../lib/gcc/arm-none-eabi/5.4.1/../../../../arm-none-eabi/lib/armv7-m\libc_nano.a(lib_a-memcpy-stub.o)
 .ARM.attributes
                0x0000044d       0x2d c:/eclipse/plugins/fr.ac6.mcu.externaltools.arm-none.win32_1.13.1.201701200843/tools/compiler/bin/../lib/gcc/arm-none-eabi/5.4.1/../../../../arm-none-eabi/lib/armv7-m\libc_nano.a(lib_a-rand.o)
 .ARM.attributes
                0x0000047a       0x2d c:/eclipse/plugins/fr.ac6.mcu.externaltools.arm-none.win32_1.13.1.201701200843/tools/compiler/bin/../lib/gcc/arm-none-eabi/5.4.1/../../../../arm-none-eabi/lib/armv7-m\libc_nano.a(lib_a-time.o)
 .ARM.attributes
                0x000004a7       0x2d c:/eclipse/plugins/fr.ac6.mcu.externaltools.arm-none.win32_1.13.1.201701200843/tools/compiler/bin/../lib/gcc/arm-none-eabi/5.4.1/../../../../arm-none-eabi/lib/armv7-m\libc_nano.a(lib_a-gettimeofdayr.o)
 .ARM.attributes
                0x000004d4       0x2d c:/eclipse/plugins/fr.ac6.mcu.externaltools.arm-none.win32_1.13.1.201701200843/tools/compiler/bin/../lib/gcc/arm-none-eabi/5.4.1/../../../../arm-none-eabi/lib/armv7-m\libc_nano.a(lib_a-malloc.o)
 .ARM.attributes
                0x00000501       0x2d c:/eclipse/plugins/fr.ac6.mcu.externaltools.arm-none.win32_1.13.1.201701200843/tools/compiler/bin/../lib/gcc/arm-none-eabi/5.4.1/../../../../arm-none-eabi/lib/armv7-m\libc_nano.a(lib_a-nano-mallocr.o)
 .ARM.attributes
                0x0000052e       0x2d c:/eclipse/plugins/fr.ac6.mcu.externaltools.arm-none.win32_1.13.1.201701200843/tools/compiler/bin/../lib/gcc/arm-none-eabi/5.4.1/../../../../arm-none-eabi/lib/armv7-m\libc_nano.a(lib_a-reent.o)
 .ARM.attributes
                0x0000055b       0x2d c:/eclipse/plugins/fr.ac6.mcu.externaltools.arm-none.win32_1.13.1.201701200843/tools/compiler/bin/../lib/gcc/arm-none-eabi/5.4.1/../../../../arm-none-eabi/lib/armv7-m\libc_nano.a(lib_a-sbrkr.o)
 .ARM.attributes
                0x00000588       0x2d c:/eclipse/plugins/fr.ac6.mcu.externaltools.arm-none.win32_1.13.1.201701200843/tools/compiler/bin/../lib/gcc/arm-none-eabi/5.4.1/../../../../arm-none-eabi/lib/armv7-m\libc_nano.a(lib_a-mlock.o)
 .ARM.attributes
                0x000005b5       0x2d c:/eclipse/plugins/fr.ac6.mcu.externaltools.arm-none.win32_1.13.1.201701200843/tools/compiler/bin/../lib/gcc/arm-none-eabi/5.4.1/../../../../arm-none-eabi/lib/armv7-m\libnosys.a(gettod.o)
 .ARM.attributes
                0x000005e2       0x2d c:/eclipse/plugins/fr.ac6.mcu.externaltools.arm-none.win32_1.13.1.201701200843/tools/compiler/bin/../lib/gcc/arm-none-eabi/5.4.1/../../../../arm-none-eabi/lib/armv7-m\libnosys.a(sbrk.o)
 .ARM.attributes
                0x0000060f       0x1d c:/eclipse/plugins/fr.ac6.mcu.externaltools.arm-none.win32_1.13.1.201701200843/tools/compiler/bin/../lib/gcc/arm-none-eabi/5.4.1/armv7-m/crtn.o
OUTPUT(Snake2.elf elf32-littlearm)

.debug_info     0x00000000     0x6f86
 .debug_info    0x00000000      0x7b3 Drivers\STM32F1xx_HAL_Driver\Src\stm32f1xx_hal.o
 .debug_info    0x000007b3      0xd7f Drivers\STM32F1xx_HAL_Driver\Src\stm32f1xx_hal_adc.o
 .debug_info    0x00001532      0xc8c Drivers\STM32F1xx_HAL_Driver\Src\stm32f1xx_hal_cortex.o
 .debug_info    0x000021be      0x8c5 Drivers\STM32F1xx_HAL_Driver\Src\stm32f1xx_hal_dac.o
 .debug_info    0x00002a83      0x60f Drivers\STM32F1xx_HAL_Driver\Src\stm32f1xx_hal_gpio.o
 .debug_info    0x00003092      0x9f0 Drivers\STM32F1xx_HAL_Driver\Src\stm32f1xx_hal_rcc.o
 .debug_info    0x00003a82      0x445 Drivers\STM32F1xx_HAL_Driver\Src\stm32f1xx_hal_rcc_ex.o
 .debug_info    0x00003ec7      0x8e3 Src\adc.o
 .debug_info    0x000047aa      0x7a1 Src\dac.o
 .debug_info    0x00004f4b      0x1a4 Src\gpio.o
 .debug_info    0x000050ef     0x142b Src\main.o
 .debug_info    0x0000651a      0x4d3 Src\stm32f1xx_hal_msp.o
 .debug_info    0x000069ed      0x147 Src\stm32f1xx_it.o
 .debug_info    0x00006b34      0x3eb Src\system_stm32f1xx.o
 .debug_info    0x00006f1f       0x67 startup\startup_stm32f103xe.o

.debug_abbrev   0x00000000     0x1b03
 .debug_abbrev  0x00000000      0x240 Drivers\STM32F1xx_HAL_Driver\Src\stm32f1xx_hal.o
 .debug_abbrev  0x00000240      0x280 Drivers\STM32F1xx_HAL_Driver\Src\stm32f1xx_hal_adc.o
 .debug_abbrev  0x000004c0      0x2fe Drivers\STM32F1xx_HAL_Driver\Src\stm32f1xx_hal_cortex.o
 .debug_abbrev  0x000007be      0x1ee Drivers\STM32F1xx_HAL_Driver\Src\stm32f1xx_hal_dac.o
 .debug_abbrev  0x000009ac      0x1cb Drivers\STM32F1xx_HAL_Driver\Src\stm32f1xx_hal_gpio.o
 .debug_abbrev  0x00000b77      0x2b0 Drivers\STM32F1xx_HAL_Driver\Src\stm32f1xx_hal_rcc.o
 .debug_abbrev  0x00000e27      0x1c2 Drivers\STM32F1xx_HAL_Driver\Src\stm32f1xx_hal_rcc_ex.o
 .debug_abbrev  0x00000fe9      0x1b2 Src\adc.o
 .debug_abbrev  0x0000119b      0x1a2 Src\dac.o
 .debug_abbrev  0x0000133d       0xc5 Src\gpio.o
 .debug_abbrev  0x00001402      0x3c9 Src\main.o
 .debug_abbrev  0x000017cb      0x12f Src\stm32f1xx_hal_msp.o
 .debug_abbrev  0x000018fa       0xd2 Src\stm32f1xx_it.o
 .debug_abbrev  0x000019cc      0x125 Src\system_stm32f1xx.o
 .debug_abbrev  0x00001af1       0x12 startup\startup_stm32f103xe.o

.debug_loc      0x00000000     0x25b8
 .debug_loc     0x00000000      0x10d Drivers\STM32F1xx_HAL_Driver\Src\stm32f1xx_hal.o
 .debug_loc     0x0000010d      0x9f6 Drivers\STM32F1xx_HAL_Driver\Src\stm32f1xx_hal_adc.o
 .debug_loc     0x00000b03      0x5c9 Drivers\STM32F1xx_HAL_Driver\Src\stm32f1xx_hal_cortex.o
 .debug_loc     0x000010cc      0x5e9 Drivers\STM32F1xx_HAL_Driver\Src\stm32f1xx_hal_dac.o
 .debug_loc     0x000016b5      0x3aa Drivers\STM32F1xx_HAL_Driver\Src\stm32f1xx_hal_gpio.o
 .debug_loc     0x00001a5f      0x559 Drivers\STM32F1xx_HAL_Driver\Src\stm32f1xx_hal_rcc.o
 .debug_loc     0x00001fb8      0x2c4 Drivers\STM32F1xx_HAL_Driver\Src\stm32f1xx_hal_rcc_ex.o
 .debug_loc     0x0000227c       0x8d Src\adc.o
 .debug_loc     0x00002309       0x42 Src\dac.o
 .debug_loc     0x0000234b      0x1a0 Src\main.o
 .debug_loc     0x000024eb       0xcd Src\system_stm32f1xx.o

.debug_aranges  0x00000000      0x570
 .debug_aranges
                0x00000000       0xc8 Drivers\STM32F1xx_HAL_Driver\Src\stm32f1xx_hal.o
 .debug_aranges
                0x000000c8       0xc8 Drivers\STM32F1xx_HAL_Driver\Src\stm32f1xx_hal_adc.o
 .debug_aranges
                0x00000190       0x90 Drivers\STM32F1xx_HAL_Driver\Src\stm32f1xx_hal_cortex.o
 .debug_aranges
                0x00000220       0x90 Drivers\STM32F1xx_HAL_Driver\Src\stm32f1xx_hal_dac.o
 .debug_aranges
                0x000002b0       0x58 Drivers\STM32F1xx_HAL_Driver\Src\stm32f1xx_hal_gpio.o
 .debug_aranges
                0x00000308       0x88 Drivers\STM32F1xx_HAL_Driver\Src\stm32f1xx_hal_rcc.o
 .debug_aranges
                0x00000390       0x30 Drivers\STM32F1xx_HAL_Driver\Src\stm32f1xx_hal_rcc_ex.o
 .debug_aranges
                0x000003c0       0x38 Src\adc.o
 .debug_aranges
                0x000003f8       0x30 Src\dac.o
 .debug_aranges
                0x00000428       0x20 Src\gpio.o
 .debug_aranges
                0x00000448       0x70 Src\main.o
 .debug_aranges
                0x000004b8       0x20 Src\stm32f1xx_hal_msp.o
 .debug_aranges
                0x000004d8       0x48 Src\stm32f1xx_it.o
 .debug_aranges
                0x00000520       0x28 Src\system_stm32f1xx.o
 .debug_aranges
                0x00000548       0x28 startup\startup_stm32f103xe.o

.debug_ranges   0x00000000      0x768
 .debug_ranges  0x00000000       0xb8 Drivers\STM32F1xx_HAL_Driver\Src\stm32f1xx_hal.o
 .debug_ranges  0x000000b8       0xb8 Drivers\STM32F1xx_HAL_Driver\Src\stm32f1xx_hal_adc.o
 .debug_ranges  0x00000170      0x150 Drivers\STM32F1xx_HAL_Driver\Src\stm32f1xx_hal_cortex.o
 .debug_ranges  0x000002c0       0x80 Drivers\STM32F1xx_HAL_Driver\Src\stm32f1xx_hal_dac.o
 .debug_ranges  0x00000340       0x68 Drivers\STM32F1xx_HAL_Driver\Src\stm32f1xx_hal_gpio.o
 .debug_ranges  0x000003a8       0xf8 Drivers\STM32F1xx_HAL_Driver\Src\stm32f1xx_hal_rcc.o
 .debug_ranges  0x000004a0       0x50 Drivers\STM32F1xx_HAL_Driver\Src\stm32f1xx_hal_rcc_ex.o
 .debug_ranges  0x000004f0       0x88 Src\adc.o
 .debug_ranges  0x00000578       0x48 Src\dac.o
 .debug_ranges  0x000005c0       0x28 Src\gpio.o
 .debug_ranges  0x000005e8       0xd8 Src\main.o
 .debug_ranges  0x000006c0       0x38 Src\stm32f1xx_hal_msp.o
 .debug_ranges  0x000006f8       0x38 Src\stm32f1xx_it.o
 .debug_ranges  0x00000730       0x18 Src\system_stm32f1xx.o
 .debug_ranges  0x00000748       0x20 startup\startup_stm32f103xe.o

.debug_macro    0x00000000    0x16f0e
 .debug_macro   0x00000000      0x309 Drivers\STM32F1xx_HAL_Driver\Src\stm32f1xx_hal.o
 .debug_macro   0x00000309      0x880 Drivers\STM32F1xx_HAL_Driver\Src\stm32f1xx_hal.o
 .debug_macro   0x00000b89       0x10 Drivers\STM32F1xx_HAL_Driver\Src\stm32f1xx_hal.o
 .debug_macro   0x00000b99      0x169 Drivers\STM32F1xx_HAL_Driver\Src\stm32f1xx_hal.o
 .debug_macro   0x00000d02       0x2e Drivers\STM32F1xx_HAL_Driver\Src\stm32f1xx_hal.o
 .debug_macro   0x00000d30       0x22 Drivers\STM32F1xx_HAL_Driver\Src\stm32f1xx_hal.o
 .debug_macro   0x00000d52       0x22 Drivers\STM32F1xx_HAL_Driver\Src\stm32f1xx_hal.o
 .debug_macro   0x00000d74       0x87 Drivers\STM32F1xx_HAL_Driver\Src\stm32f1xx_hal.o
 .debug_macro   0x00000dfb       0x44 Drivers\STM32F1xx_HAL_Driver\Src\stm32f1xx_hal.o
 .debug_macro   0x00000e3f       0xfd Drivers\STM32F1xx_HAL_Driver\Src\stm32f1xx_hal.o
 .debug_macro   0x00000f3c       0x5e Drivers\STM32F1xx_HAL_Driver\Src\stm32f1xx_hal.o
 .debug_macro   0x00000f9a      0x1df Drivers\STM32F1xx_HAL_Driver\Src\stm32f1xx_hal.o
 .debug_macro   0x00001179       0x34 Drivers\STM32F1xx_HAL_Driver\Src\stm32f1xx_hal.o
 .debug_macro   0x000011ad       0x34 Drivers\STM32F1xx_HAL_Driver\Src\stm32f1xx_hal.o
 .debug_macro   0x000011e1      0xb8e Drivers\STM32F1xx_HAL_Driver\Src\stm32f1xx_hal.o
 .debug_macro   0x00001d6f     0xfd7e Drivers\STM32F1xx_HAL_Driver\Src\stm32f1xx_hal.o
 .debug_macro   0x00011aed       0x43 Drivers\STM32F1xx_HAL_Driver\Src\stm32f1xx_hal.o
 .debug_macro   0x00011b30       0x52 Drivers\STM32F1xx_HAL_Driver\Src\stm32f1xx_hal.o
 .debug_macro   0x00011b82       0x35 Drivers\STM32F1xx_HAL_Driver\Src\stm32f1xx_hal.o
 .debug_macro   0x00011bb7       0x9c Drivers\STM32F1xx_HAL_Driver\Src\stm32f1xx_hal.o
 .debug_macro   0x00011c53       0x16 Drivers\STM32F1xx_HAL_Driver\Src\stm32f1xx_hal.o
 .debug_macro   0x00011c69       0x97 Drivers\STM32F1xx_HAL_Driver\Src\stm32f1xx_hal.o
 .debug_macro   0x00011d00      0x30d Drivers\STM32F1xx_HAL_Driver\Src\stm32f1xx_hal.o
 .debug_macro   0x0001200d       0xfd Drivers\STM32F1xx_HAL_Driver\Src\stm32f1xx_hal.o
 .debug_macro   0x0001210a       0x10 Drivers\STM32F1xx_HAL_Driver\Src\stm32f1xx_hal.o
 .debug_macro   0x0001211a       0x52 Drivers\STM32F1xx_HAL_Driver\Src\stm32f1xx_hal.o
 .debug_macro   0x0001216c       0x1f Drivers\STM32F1xx_HAL_Driver\Src\stm32f1xx_hal.o
 .debug_macro   0x0001218b       0x43 Drivers\STM32F1xx_HAL_Driver\Src\stm32f1xx_hal.o
 .debug_macro   0x000121ce       0x20 Drivers\STM32F1xx_HAL_Driver\Src\stm32f1xx_hal.o
 .debug_macro   0x000121ee      0x187 Drivers\STM32F1xx_HAL_Driver\Src\stm32f1xx_hal.o
 .debug_macro   0x00012375       0x10 Drivers\STM32F1xx_HAL_Driver\Src\stm32f1xx_hal.o
 .debug_macro   0x00012385       0x1c Drivers\STM32F1xx_HAL_Driver\Src\stm32f1xx_hal.o
 .debug_macro   0x000123a1       0x52 Drivers\STM32F1xx_HAL_Driver\Src\stm32f1xx_hal.o
 .debug_macro   0x000123f3       0x40 Drivers\STM32F1xx_HAL_Driver\Src\stm32f1xx_hal.o
 .debug_macro   0x00012433       0x10 Drivers\STM32F1xx_HAL_Driver\Src\stm32f1xx_hal.o
 .debug_macro   0x00012443       0x40 Drivers\STM32F1xx_HAL_Driver\Src\stm32f1xx_hal.o
 .debug_macro   0x00012483       0xd7 Drivers\STM32F1xx_HAL_Driver\Src\stm32f1xx_hal.o
 .debug_macro   0x0001255a       0x16 Drivers\STM32F1xx_HAL_Driver\Src\stm32f1xx_hal.o
 .debug_macro   0x00012570      0x18b Drivers\STM32F1xx_HAL_Driver\Src\stm32f1xx_hal.o
 .debug_macro   0x000126fb       0x50 Drivers\STM32F1xx_HAL_Driver\Src\stm32f1xx_hal.o
 .debug_macro   0x0001274b      0x5c2 Drivers\STM32F1xx_HAL_Driver\Src\stm32f1xx_hal.o
 .debug_macro   0x00012d0d      0x4d6 Drivers\STM32F1xx_HAL_Driver\Src\stm32f1xx_hal.o
 .debug_macro   0x000131e3      0x1cb Drivers\STM32F1xx_HAL_Driver\Src\stm32f1xx_hal.o
 .debug_macro   0x000133ae      0x11e Drivers\STM32F1xx_HAL_Driver\Src\stm32f1xx_hal.o
 .debug_macro   0x000134cc      0x1eb Drivers\STM32F1xx_HAL_Driver\Src\stm32f1xx_hal.o
 .debug_macro   0x000136b7       0x27 Drivers\STM32F1xx_HAL_Driver\Src\stm32f1xx_hal.o
 .debug_macro   0x000136de      0x1bc Drivers\STM32F1xx_HAL_Driver\Src\stm32f1xx_hal.o
 .debug_macro   0x0001389a       0x31 Drivers\STM32F1xx_HAL_Driver\Src\stm32f1xx_hal.o
 .debug_macro   0x000138cb       0x3c Drivers\STM32F1xx_HAL_Driver\Src\stm32f1xx_hal.o
 .debug_macro   0x00013907       0x57 Drivers\STM32F1xx_HAL_Driver\Src\stm32f1xx_hal.o
 .debug_macro   0x0001395e      0x46a Drivers\STM32F1xx_HAL_Driver\Src\stm32f1xx_hal.o
 .debug_macro   0x00013dc8      0x25d Drivers\STM32F1xx_HAL_Driver\Src\stm32f1xx_hal.o
 .debug_macro   0x00014025       0x99 Drivers\STM32F1xx_HAL_Driver\Src\stm32f1xx_hal.o
 .debug_macro   0x000140be       0xdf Drivers\STM32F1xx_HAL_Driver\Src\stm32f1xx_hal.o
 .debug_macro   0x0001419d       0x8c Drivers\STM32F1xx_HAL_Driver\Src\stm32f1xx_hal.o
 .debug_macro   0x00014229      0x250 Drivers\STM32F1xx_HAL_Driver\Src\stm32f1xx_hal.o
 .debug_macro   0x00014479      0x143 Drivers\STM32F1xx_HAL_Driver\Src\stm32f1xx_hal.o
 .debug_macro   0x000145bc       0xb9 Drivers\STM32F1xx_HAL_Driver\Src\stm32f1xx_hal.o
 .debug_macro   0x00014675      0x302 Drivers\STM32F1xx_HAL_Driver\Src\stm32f1xx_hal_adc.o
 .debug_macro   0x00014977      0x2e5 Drivers\STM32F1xx_HAL_Driver\Src\stm32f1xx_hal_cortex.o
 .debug_macro   0x00014c5c      0x2e6 Drivers\STM32F1xx_HAL_Driver\Src\stm32f1xx_hal_dac.o
 .debug_macro   0x00014f42      0x355 Drivers\STM32F1xx_HAL_Driver\Src\stm32f1xx_hal_gpio.o
 .debug_macro   0x00015297      0x2f7 Drivers\STM32F1xx_HAL_Driver\Src\stm32f1xx_hal_rcc.o
 .debug_macro   0x0001558e      0x2e5 Drivers\STM32F1xx_HAL_Driver\Src\stm32f1xx_hal_rcc_ex.o
 .debug_macro   0x00015873      0x2f9 Src\adc.o
 .debug_macro   0x00015b6c      0x2f9 Src\dac.o
 .debug_macro   0x00015e65      0x2ef Src\gpio.o
 .debug_macro   0x00016154      0x31a Src\main.o
 .debug_macro   0x0001646e      0x1e1 Src\main.o
 .debug_macro   0x0001664f      0x2e5 Src\stm32f1xx_hal_msp.o
 .debug_macro   0x00016934      0x2ef Src\stm32f1xx_it.o
 .debug_macro   0x00016c23      0x2eb Src\system_stm32f1xx.o

.debug_line     0x00000000     0x705c
 .debug_line    0x00000000      0x7f6 Drivers\STM32F1xx_HAL_Driver\Src\stm32f1xx_hal.o
 .debug_line    0x000007f6      0xc86 Drivers\STM32F1xx_HAL_Driver\Src\stm32f1xx_hal_adc.o
 .debug_line    0x0000147c      0x83d Drivers\STM32F1xx_HAL_Driver\Src\stm32f1xx_hal_cortex.o
 .debug_line    0x00001cb9      0x8ca Drivers\STM32F1xx_HAL_Driver\Src\stm32f1xx_hal_dac.o
 .debug_line    0x00002583      0x895 Drivers\STM32F1xx_HAL_Driver\Src\stm32f1xx_hal_gpio.o
 .debug_line    0x00002e18      0x9fc Drivers\STM32F1xx_HAL_Driver\Src\stm32f1xx_hal_rcc.o
 .debug_line    0x00003814      0x751 Drivers\STM32F1xx_HAL_Driver\Src\stm32f1xx_hal_rcc_ex.o
 .debug_line    0x00003f65      0x6ee Src\adc.o
 .debug_line    0x00004653      0x690 Src\dac.o
 .debug_line    0x00004ce3      0x637 Src\gpio.o
 .debug_line    0x0000531a      0x963 Src\main.o
 .debug_line    0x00005c7d      0x647 Src\stm32f1xx_hal_msp.o
 .debug_line    0x000062c4      0x697 Src\stm32f1xx_it.o
 .debug_line    0x0000695b      0x684 Src\system_stm32f1xx.o
 .debug_line    0x00006fdf       0x7d startup\startup_stm32f103xe.o

.debug_str      0x00000000    0x79e90
 .debug_str     0x00000000    0x77f3c Drivers\STM32F1xx_HAL_Driver\Src\stm32f1xx_hal.o
                              0x78386 (size before relaxing)
 .debug_str     0x00077f3c      0x657 Drivers\STM32F1xx_HAL_Driver\Src\stm32f1xx_hal_adc.o
                              0x781ee (size before relaxing)
 .debug_str     0x00078593      0x2e1 Drivers\STM32F1xx_HAL_Driver\Src\stm32f1xx_hal_cortex.o
                              0x782e9 (size before relaxing)
 .debug_str     0x00078874      0x28e Drivers\STM32F1xx_HAL_Driver\Src\stm32f1xx_hal_dac.o
                              0x77fcd (size before relaxing)
 .debug_str     0x00078b02      0x3a9 Drivers\STM32F1xx_HAL_Driver\Src\stm32f1xx_hal_gpio.o
                              0x77f3a (size before relaxing)
 .debug_str     0x00078eab      0x384 Drivers\STM32F1xx_HAL_Driver\Src\stm32f1xx_hal_rcc.o
                              0x77fcd (size before relaxing)
 .debug_str     0x0007922f      0x136 Drivers\STM32F1xx_HAL_Driver\Src\stm32f1xx_hal_rcc_ex.o
                              0x77d6b (size before relaxing)
 .debug_str     0x00079365       0x91 Src\adc.o
                              0x77f77 (size before relaxing)
 .debug_str     0x000793f6       0x4e Src\dac.o
                              0x77f63 (size before relaxing)
 .debug_str     0x00079444       0x1b Src\gpio.o
                              0x77b44 (size before relaxing)
 .debug_str     0x0007945f      0x912 Src\main.o
                              0x78eb5 (size before relaxing)
 .debug_str     0x00079d71       0x27 Src\stm32f1xx_hal_msp.o
                              0x77f5f (size before relaxing)
 .debug_str     0x00079d98       0x8f Src\stm32f1xx_it.o
                              0x77b77 (size before relaxing)
 .debug_str     0x00079e27       0x69 Src\system_stm32f1xx.o
                              0x77c23 (size before relaxing)

.comment        0x00000000       0x6e
 .comment       0x00000000       0x6e Drivers\STM32F1xx_HAL_Driver\Src\stm32f1xx_hal.o
                                 0x6f (size before relaxing)
 .comment       0x0000006e       0x6f Drivers\STM32F1xx_HAL_Driver\Src\stm32f1xx_hal_adc.o
 .comment       0x0000006e       0x6f Drivers\STM32F1xx_HAL_Driver\Src\stm32f1xx_hal_cortex.o
 .comment       0x0000006e       0x6f Drivers\STM32F1xx_HAL_Driver\Src\stm32f1xx_hal_dac.o
 .comment       0x0000006e       0x6f Drivers\STM32F1xx_HAL_Driver\Src\stm32f1xx_hal_gpio.o
 .comment       0x0000006e       0x6f Drivers\STM32F1xx_HAL_Driver\Src\stm32f1xx_hal_rcc.o
 .comment       0x0000006e       0x6f Drivers\STM32F1xx_HAL_Driver\Src\stm32f1xx_hal_rcc_ex.o
 .comment       0x0000006e       0x6f Src\adc.o
 .comment       0x0000006e       0x6f Src\dac.o
 .comment       0x0000006e       0x6f Src\gpio.o
 .comment       0x0000006e       0x6f Src\main.o
 .comment       0x0000006e       0x6f Src\stm32f1xx_hal_msp.o
 .comment       0x0000006e       0x6f Src\stm32f1xx_it.o
 .comment       0x0000006e       0x6f Src\system_stm32f1xx.o

.debug_frame    0x00000000     0x1078
 .debug_frame   0x00000000      0x1b0 Drivers\STM32F1xx_HAL_Driver\Src\stm32f1xx_hal.o
 .debug_frame   0x000001b0      0x2e4 Drivers\STM32F1xx_HAL_Driver\Src\stm32f1xx_hal_adc.o
 .debug_frame   0x00000494      0x13c Drivers\STM32F1xx_HAL_Driver\Src\stm32f1xx_hal_cortex.o
 .debug_frame   0x000005d0      0x1d8 Drivers\STM32F1xx_HAL_Driver\Src\stm32f1xx_hal_dac.o
 .debug_frame   0x000007a8       0xe4 Drivers\STM32F1xx_HAL_Driver\Src\stm32f1xx_hal_gpio.o
 .debug_frame   0x0000088c      0x184 Drivers\STM32F1xx_HAL_Driver\Src\stm32f1xx_hal_rcc.o
 .debug_frame   0x00000a10       0x94 Drivers\STM32F1xx_HAL_Driver\Src\stm32f1xx_hal_rcc_ex.o
 .debug_frame   0x00000aa4       0x8c Src\adc.o
 .debug_frame   0x00000b30       0x60 Src\dac.o
 .debug_frame   0x00000b90       0x28 Src\gpio.o
 .debug_frame   0x00000bb8      0x168 Src\main.o
 .debug_frame   0x00000d20       0x2c Src\stm32f1xx_hal_msp.o
 .debug_frame   0x00000d4c       0xac Src\stm32f1xx_it.o
 .debug_frame   0x00000df8       0x3c Src\system_stm32f1xx.o
 .debug_frame   0x00000e34       0x2c c:/eclipse/plugins/fr.ac6.mcu.externaltools.arm-none.win32_1.13.1.201701200843/tools/compiler/bin/../lib/gcc/arm-none-eabi/5.4.1/../../../../arm-none-eabi/lib/armv7-m\libc_nano.a(lib_a-init.o)
 .debug_frame   0x00000e60       0x28 c:/eclipse/plugins/fr.ac6.mcu.externaltools.arm-none.win32_1.13.1.201701200843/tools/compiler/bin/../lib/gcc/arm-none-eabi/5.4.1/../../../../arm-none-eabi/lib/armv7-m\libc_nano.a(lib_a-memcpy-stub.o)
 .debug_frame   0x00000e88       0x44 c:/eclipse/plugins/fr.ac6.mcu.externaltools.arm-none.win32_1.13.1.201701200843/tools/compiler/bin/../lib/gcc/arm-none-eabi/5.4.1/../../../../arm-none-eabi/lib/armv7-m\libc_nano.a(lib_a-rand.o)
 .debug_frame   0x00000ecc       0x2c c:/eclipse/plugins/fr.ac6.mcu.externaltools.arm-none.win32_1.13.1.201701200843/tools/compiler/bin/../lib/gcc/arm-none-eabi/5.4.1/../../../../arm-none-eabi/lib/armv7-m\libc_nano.a(lib_a-time.o)
 .debug_frame   0x00000ef8       0x2c c:/eclipse/plugins/fr.ac6.mcu.externaltools.arm-none.win32_1.13.1.201701200843/tools/compiler/bin/../lib/gcc/arm-none-eabi/5.4.1/../../../../arm-none-eabi/lib/armv7-m\libc_nano.a(lib_a-gettimeofdayr.o)
 .debug_frame   0x00000f24       0x30 c:/eclipse/plugins/fr.ac6.mcu.externaltools.arm-none.win32_1.13.1.201701200843/tools/compiler/bin/../lib/gcc/arm-none-eabi/5.4.1/../../../../arm-none-eabi/lib/armv7-m\libc_nano.a(lib_a-malloc.o)
 .debug_frame   0x00000f54       0x2c c:/eclipse/plugins/fr.ac6.mcu.externaltools.arm-none.win32_1.13.1.201701200843/tools/compiler/bin/../lib/gcc/arm-none-eabi/5.4.1/../../../../arm-none-eabi/lib/armv7-m\libc_nano.a(lib_a-nano-mallocr.o)
 .debug_frame   0x00000f80       0x5c c:/eclipse/plugins/fr.ac6.mcu.externaltools.arm-none.win32_1.13.1.201701200843/tools/compiler/bin/../lib/gcc/arm-none-eabi/5.4.1/../../../../arm-none-eabi/lib/armv7-m\libc_nano.a(lib_a-reent.o)
 .debug_frame   0x00000fdc       0x2c c:/eclipse/plugins/fr.ac6.mcu.externaltools.arm-none.win32_1.13.1.201701200843/tools/compiler/bin/../lib/gcc/arm-none-eabi/5.4.1/../../../../arm-none-eabi/lib/armv7-m\libc_nano.a(lib_a-sbrkr.o)
 .debug_frame   0x00001008       0x30 c:/eclipse/plugins/fr.ac6.mcu.externaltools.arm-none.win32_1.13.1.201701200843/tools/compiler/bin/../lib/gcc/arm-none-eabi/5.4.1/../../../../arm-none-eabi/lib/armv7-m\libc_nano.a(lib_a-mlock.o)
 .debug_frame   0x00001038       0x20 c:/eclipse/plugins/fr.ac6.mcu.externaltools.arm-none.win32_1.13.1.201701200843/tools/compiler/bin/../lib/gcc/arm-none-eabi/5.4.1/../../../../arm-none-eabi/lib/armv7-m\libnosys.a(gettod.o)
 .debug_frame   0x00001058       0x20 c:/eclipse/plugins/fr.ac6.mcu.externaltools.arm-none.win32_1.13.1.201701200843/tools/compiler/bin/../lib/gcc/arm-none-eabi/5.4.1/../../../../arm-none-eabi/lib/armv7-m\libnosys.a(sbrk.o)

.stab           0x00000000       0x24
 .stab          0x00000000       0x24 c:/eclipse/plugins/fr.ac6.mcu.externaltools.arm-none.win32_1.13.1.201701200843/tools/compiler/bin/../lib/gcc/arm-none-eabi/5.4.1/../../../../arm-none-eabi/lib/armv7-m\libnosys.a(gettod.o)

.stabstr        0x00000000       0x4e
 .stabstr       0x00000000       0x4e c:/eclipse/plugins/fr.ac6.mcu.externaltools.arm-none.win32_1.13.1.201701200843/tools/compiler/bin/../lib/gcc/arm-none-eabi/5.4.1/../../../../arm-none-eabi/lib/armv7-m\libnosys.a(gettod.o)
